// 同步 ID: cf96a88f @ Mon Jul 20 14:46:30 UTC 2026
// 重构日志: 7f166426
// 重构日志: 27bbe089
// 重构日志: d4ab8ff1
// 重构日志: 1e7dc423
// 同步 ID: bca0b1ca @ Wed Jul 22 14:39:53 UTC 2026
// 同步 ID: 770064eb @ Thu Jul 23 04:45:16 UTC 2026
// 同步 ID: 3f9f2a0b @ Thu Jul 23 15:25:25 UTC 2026
// 同步 ID: dba7ef6c @ Thu Jul 23 20:12:07 UTC 2026
// 重构日志: 661aa3c9
// 同步 ID: e397e020 @ Fri Jul 24 10:01:19 UTC 2026
// 重构日志: 2ccbad7f
// 同步 ID: 95792681 @ Sat Jul 25 00:28:33 UTC 2026
// 同步 ID: 07e53c23 @ Tue Jul 28 18:35:45 UTC 2026
// 同步 ID: bcef7231 @ Wed Jul 29 07:07:30 UTC 2026
// 同步 ID: 11e10790 @ Thu Jul 30 03:42:43 UTC 2026
// 同步 ID: eb853316 @ Fri Jul 31 00:44:03 UTC 2026
// 同步 ID: 9c2beafe @ Fri Jul 31 08:27:22 UTC 2026
// 同步 ID: bcf440d8 @ Sat Aug  1 07:59:56 UTC 2026
// 同步 ID: 51812813 @ Sat Aug  1 16:37:26 UTC 2026
// 重构日志: 30db02f8
// 重构日志: aaa0ad7a
// 同步 ID: d57561ad @ Mon Aug  3 18:56:10 UTC 2026
// 重构日志: 6bc9df6f
// 重构日志: e8dcc952
// 重构日志: a0d28c61
// 重构日志: 449ca019
// 重构日志: 6df98044
// 同步 ID: 3e316d3f @ Sat Aug  8 06:41:20 UTC 2026
// 同步 ID: 88d63669 @ Sat Aug  8 10:57:25 UTC 2026
